--------- beginning of main
03-12 16:36:07.567 25096 25096 E bullseye.mobile: Not starting debugger since process cannot load the jdwp agent.
03-12 16:36:07.618  1835  9416 E VpnManagerService: Exception occured while trying to get the getProxyInfoForUid for knoxvpn uid 10716
03-12 16:36:07.619  4306  4306 E pageboostd: Received HALT command code 2
03-12 16:36:07.720 25096 25096 E SoLoader: couldn't find DSO to load: libjscexecutor.so
03-12 16:36:07.720 25096 25096 E SoLoader: 	SoSource 0: com.facebook.soloader.ApkSoSource[root = /data/data/com.bullseye.mobile/lib-main flags = 1]
03-12 16:36:07.720 25096 25096 E SoLoader: 	SoSource 1: com.facebook.soloader.DirectorySoSource[root = /data/app/~~CHQDgROAg2OSNQcoOTbWrQ==/com.bullseye.mobile-P_1mbGF2R4uuuyYslDOcxg==/lib/arm64 flags = 0]
03-12 16:36:07.720 25096 25096 E SoLoader: 	SoSource 2: com.facebook.soloader.DirectorySoSource[root = /system/lib64 flags = 2]
03-12 16:36:07.720 25096 25096 E SoLoader: 	SoSource 3: com.facebook.soloader.DirectorySoSource[root = /vendor/lib64 flags = 2]
03-12 16:36:07.720 25096 25096 E SoLoader: 	Native lib dir: /data/app/~~CHQDgROAg2OSNQcoOTbWrQ==/com.bullseye.mobile-P_1mbGF2R4uuuyYslDOcxg==/lib/arm64
03-12 16:36:07.720 25096 25096 E SoLoader:  result: 0
03-12 16:36:07.738  4306  4306 E pageboostd: Received HALT command code 2
--------- beginning of crash
03-12 16:36:07.745 25096 25147 E AndroidRuntime: FATAL EXCEPTION: mqt_js
03-12 16:36:07.745 25096 25147 E AndroidRuntime: Process: com.bullseye.mobile, PID: 25096
03-12 16:36:07.745 25096 25147 E AndroidRuntime: java.lang.RuntimeException: com.facebook.react.devsupport.JSException: undefined is not a function
03-12 16:36:07.745 25096 25147 E AndroidRuntime: 	at com.facebook.react.bridge.DefaultJSExceptionHandler.handleException(DefaultJSExceptionHandler.java:20)
03-12 16:36:07.745 25096 25147 E AndroidRuntime: 	at com.facebook.react.devsupport.DisabledDevSupportManager.handleException(DisabledDevSupportManager.java:195)
03-12 16:36:07.745 25096 25147 E AndroidRuntime: 	at com.facebook.react.bridge.CatalystInstanceImpl.onNativeException(CatalystInstanceImpl.java:620)
03-12 16:36:07.745 25096 25147 E AndroidRuntime: 	at com.facebook.react.bridge.CatalystInstanceImpl.-$$Nest$monNativeException(Unknown Source:0)
03-12 16:36:07.745 25096 25147 E AndroidRuntime: 	at com.facebook.react.bridge.CatalystInstanceImpl$NativeExceptionHandler.handleException(CatalystInstanceImpl.java:638)
03-12 16:36:07.745 25096 25147 E AndroidRuntime: 	at com.facebook.react.bridge.queue.MessageQueueThreadHandler.dispatchMessage(MessageQueueThreadHandler.java:29)
03-12 16:36:07.745 25096 25147 E AndroidRuntime: 	at android.os.Looper.loopOnce(Looper.java:230)
03-12 16:36:07.745 25096 25147 E AndroidRuntime: 	at android.os.Looper.loop(Looper.java:319)
03-12 16:36:07.745 25096 25147 E AndroidRuntime: 	at com.facebook.react.bridge.queue.MessageQueueThreadImpl$4.run(MessageQueueThreadImpl.java:228)
03-12 16:36:07.745 25096 25147 E AndroidRuntime: 	at java.lang.Thread.run(Thread.java:1012)
03-12 16:36:07.745 25096 25147 E AndroidRuntime: Caused by: com.facebook.react.devsupport.JSException: undefined is not a function
03-12 16:36:07.745 25096 25147 E AndroidRuntime: 	at com.facebook.jni.NativeRunnable.run(Native Method)
03-12 16:36:07.745 25096 25147 E AndroidRuntime: 	at android.os.Handler.handleCallback(Handler.java:958)
03-12 16:36:07.745 25096 25147 E AndroidRuntime: 	at android.os.Handler.dispatchMessage(Handler.java:99)
03-12 16:36:07.745 25096 25147 E AndroidRuntime: 	at com.facebook.react.bridge.queue.MessageQueueThreadHandler.dispatchMessage(MessageQueueThreadHandler.java:27)
03-12 16:36:07.745 25096 25147 E AndroidRuntime: 	... 4 more
03-12 16:36:07.745 25096 25147 E AndroidRuntime: Caused by: com.facebook.jni.CppException: undefined is not a function
03-12 16:36:07.745 25096 25147 E AndroidRuntime: 
03-12 16:36:07.745 25096 25147 E AndroidRuntime: TypeError: undefined is not a function
03-12 16:36:07.745 25096 25147 E AndroidRuntime:     at anonymous (address at index.android.bundle:1:8286)
03-12 16:36:07.745 25096 25147 E AndroidRuntime:     at loadModuleImplementation (address at index.android.bundle:1:1825)
03-12 16:36:07.745 25096 25147 E AndroidRuntime:     at guardedLoadModule (address at index.android.bundle:1:1391)
03-12 16:36:07.745 25096 25147 E AndroidRuntime:     at metroRequire (address at index.android.bundle:1:1027)
03-12 16:36:07.745 25096 25147 E AndroidRuntime:     at anonymous (address at index.android.bundle:1:8164)
03-12 16:36:07.745 25096 25147 E AndroidRuntime:     at loadModuleImplementation (address at index.android.bundle:1:1825)
03-12 16:36:07.745 25096 25147 E AndroidRuntime:     at guardedLoadModule (address at index.android.bundle:1:1350)
03-12 16:36:07.745 25096 25147 E AndroidRuntime:     at metroRequire (address at index.android.bundle:1:1027)
03-12 16:36:07.745 25096 25147 E AndroidRuntime:     at global (address at index.android.bundle:1:592)
03-12 16:36:07.745 25096 25147 E AndroidRuntime: 	... 8 more
03-12 16:36:07.868 16059 16059 E WindowManager: android.view.WindowLeaked: Activity com.android.packageinstaller.InstallSuccess has leaked window DecorView@bab30f7[InstallSuccess] that was originally added here
03-12 16:36:07.868 16059 16059 E WindowManager: 	at android.view.ViewRootImpl.<init>(ViewRootImpl.java:1302)
03-12 16:36:07.868 16059 16059 E WindowManager: 	at android.view.ViewRootImpl.<init>(ViewRootImpl.java:1279)
03-12 16:36:07.868 16059 16059 E WindowManager: 	at android.view.WindowManagerGlobal.addView(WindowManagerGlobal.java:566)
03-12 16:36:07.868 16059 16059 E WindowManager: 	at android.view.WindowManagerImpl.addView(WindowManagerImpl.java:150)
03-12 16:36:07.868 16059 16059 E WindowManager: 	at android.app.Dialog.show(Dialog.java:506)
03-12 16:36:07.868 16059 16059 E WindowManager: 	at com.android.packageinstaller.InstallSuccess.bindUi(InstallSuccess.java:109)
03-12 16:36:07.868 16059 16059 E WindowManager: 	at com.android.packageinstaller.InstallSuccess.onCreate(InstallSuccess.java:75)
03-12 16:36:07.868 16059 16059 E WindowManager: 	at android.app.Activity.performCreate(Activity.java:9001)
03-12 16:36:07.868 16059 16059 E WindowManager: 	at android.app.Activity.performCreate(Activity.java:8970)
03-12 16:36:07.868 16059 16059 E WindowManager: 	at android.app.Instrumentation.callActivityOnCreate(Instrumentation.java:1456)
03-12 16:36:07.868 16059 16059 E WindowManager: 	at android.app.ActivityThread.performLaunchActivity(ActivityThread.java:4154)
03-12 16:36:07.868 16059 16059 E WindowManager: 	at android.app.ActivityThread.handleLaunchActivity(ActivityThread.java:4330)
03-12 16:36:07.868 16059 16059 E WindowManager: 	at android.app.servertransaction.LaunchActivityItem.execute(LaunchActivityItem.java:103)
03-12 16:36:07.868 16059 16059 E WindowManager: 	at android.app.servertransaction.TransactionExecutor.executeCallbacks(TransactionExecutor.java:139)
03-12 16:36:07.868 16059 16059 E WindowManager: 	at android.app.servertransaction.TransactionExecutor.execute(TransactionExecutor.java:96)
03-12 16:36:07.868 16059 16059 E WindowManager: 	at android.app.ActivityThread$H.handleMessage(ActivityThread.java:2693)
03-12 16:36:07.868 16059 16059 E WindowManager: 	at android.os.Handler.dispatchMessage(Handler.java:106)
03-12 16:36:07.868 16059 16059 E WindowManager: 	at android.os.Looper.loopOnce(Looper.java:230)
03-12 16:36:07.868 16059 16059 E WindowManager: 	at android.os.Looper.loop(Looper.java:319)
03-12 16:36:07.868 16059 16059 E WindowManager: 	at android.app.ActivityThread.main(ActivityThread.java:9063)
03-12 16:36:07.868 16059 16059 E WindowManager: 	at java.lang.reflect.Method.invoke(Native Method)
03-12 16:36:07.868 16059 16059 E WindowManager: 	at com.android.internal.os.RuntimeInit$MethodAndArgsCaller.run(RuntimeInit.java:588)
03-12 16:36:07.868 16059 16059 E WindowManager: 	at com.android.internal.os.ZygoteInit.main(ZygoteInit.java:1103)
03-12 16:36:07.869 16059 16059 E WindowManager: android.view.WindowLeaked: Activity com.android.packageinstaller.InstallSuccess has leaked window DecorView@a485fe1[InstallSuccess] that was originally added here
03-12 16:36:07.869 16059 16059 E WindowManager: 	at android.view.ViewRootImpl.<init>(ViewRootImpl.java:1302)
03-12 16:36:07.869 16059 16059 E WindowManager: 	at android.view.ViewRootImpl.<init>(ViewRootImpl.java:1279)
03-12 16:36:07.869 16059 16059 E WindowManager: 	at android.view.WindowManagerGlobal.addView(WindowManagerGlobal.java:566)
03-12 16:36:07.869 16059 16059 E WindowManager: 	at android.view.WindowManagerImpl.addView(WindowManagerImpl.java:150)
03-12 16:36:07.869 16059 16059 E WindowManager: 	at android.app.Dialog.show(Dialog.java:506)
03-12 16:36:07.869 16059 16059 E WindowManager: 	at com.android.packageinstaller.InstallSuccess.bindUi(InstallSuccess.java:109)
03-12 16:36:07.869 16059 16059 E WindowManager: 	at com.android.packageinstaller.InstallSuccess.onResume(InstallSuccess.java:82)
03-12 16:36:07.869 16059 16059 E WindowManager: 	at android.app.Instrumentation.callActivityOnResume(Instrumentation.java:1603)
03-12 16:36:07.869 16059 16059 E WindowManager: 	at android.app.Activity.performResume(Activity.java:9172)
03-12 16:36:07.869 16059 16059 E WindowManager: 	at android.app.ActivityThread.performResumeActivity(ActivityThread.java:5484)
03-12 16:36:07.869 16059 16059 E WindowManager: 	at android.app.ActivityThread.handleResumeActivity(ActivityThread.java:5593)
03-12 16:36:07.869 16059 16059 E WindowManager: 	at android.app.servertransaction.ResumeActivityItem.execute(ResumeActivityItem.java:57)
03-12 16:36:07.869 16059 16059 E WindowManager: 	at android.app.servertransaction.ActivityTransactionItem.execute(ActivityTransactionItem.java:45)
03-12 16:36:07.869 16059 16059 E WindowManager: 	at android.app.servertransaction.TransactionExecutor.executeLifecycleState(TransactionExecutor.java:180)
03-12 16:36:07.869 16059 16059 E WindowManager: 	at android.app.servertransaction.TransactionExecutor.execute(TransactionExecutor.java:98)
03-12 16:36:07.869 16059 16059 E WindowManager: 	at android.app.ActivityThread$H.handleMessage(ActivityThread.java:2693)
03-12 16:36:07.869 16059 16059 E WindowManager: 	at android.os.Handler.dispatchMessage(Handler.java:106)
03-12 16:36:07.869 16059 16059 E WindowManager: 	at android.os.Looper.loopOnce(Looper.java:230)
03-12 16:36:07.869 16059 16059 E WindowManager: 	at android.os.Looper.loop(Looper.java:319)
03-12 16:36:07.869 16059 16059 E WindowManager: 	at android.app.ActivityThread.main(ActivityThread.java:9063)
03-12 16:36:07.869 16059 16059 E WindowManager: 	at java.lang.reflect.Method.invoke(Native Method)
03-12 16:36:07.869 16059 16059 E WindowManager: 	at com.android.internal.os.RuntimeInit$MethodAndArgsCaller.run(RuntimeInit.java:588)
03-12 16:36:07.869 16059 16059 E WindowManager: 	at com.android.internal.os.ZygoteInit.main(ZygoteInit.java:1103)
03-12 16:36:07.937  3947  3947 E ThemeUtils: View class com.honeyspace.ui.common.iconview.IconViewImpl is an AppCompat widget that can only be used with a Theme.AppCompat theme (or descendant).
--------- beginning of system
03-12 16:36:08.190  1835  1989 E WindowManager: win=Window{afd4955 u0 com.google.android.packageinstaller/com.android.packageinstaller.InstallSuccess EXITING} destroySurfaces: appStopped=false cleanupOnResume=false win.mWindowRemovalAllowed=true win.mRemoveOnExit=true win.mViewVisibility=8 caller=com.android.server.wm.WindowState.onExitAnimationDone:5781 com.android.server.wm.WindowStateAnimator.onAnimationFinished:214 com.android.server.wm.WindowState.onAnimationFinished:6011 com.android.server.wm.WindowContainer$$ExternalSyntheticLambda4.onAnimationFinished:0 com.android.server.wm.SurfaceAnimator.lambda$getFinishedCallback$0:140 com.android.server.wm.SurfaceAnimator.$r8$lambda$eYT7rjaBOE8bCIRq043wVzQ_RTM:0 com.android.server.wm.SurfaceAnimator$$ExternalSyntheticLambda1.run:0 
03-12 16:36:08.194  1835  1989 E WindowManager: win=Window{ae00104 u0 com.google.android.packageinstaller/com.android.packageinstaller.InstallSuccess EXITING} destroySurfaces: appStopped=false cleanupOnResume=false win.mWindowRemovalAllowed=true win.mRemoveOnExit=true win.mViewVisibility=8 caller=com.android.server.wm.WindowState.onExitAnimationDone:5781 com.android.server.wm.WindowStateAnimator.onAnimationFinished:214 com.android.server.wm.WindowState.onAnimationFinished:6011 com.android.server.wm.WindowContainer$$ExternalSyntheticLambda4.onAnimationFinished:0 com.android.server.wm.SurfaceAnimator.lambda$getFinishedCallback$0:140 com.android.server.wm.SurfaceAnimator.$r8$lambda$eYT7rjaBOE8bCIRq043wVzQ_RTM:0 com.android.server.wm.SurfaceAnimator$$ExternalSyntheticLambda1.run:0 
03-12 16:36:08.226  1667  1667 E BpTransactionCompletedListener: Failed to transact (-32)
03-12 16:36:09.608  1566  1611 E ANDR-PERF-UTIL: Failed to update node /proc/25096/sched_boost with value 0
03-12 16:36:09.608  1566  1611 E ANDR-PERF-OPTSHANDLER: can't reset task 25096
03-12 16:36:09.608  1566  1611 E ANDR-PERF-RESOURCEQS: Failed to reset optimization [3, 32]
03-12 16:36:09.885  4306 25166 E pageboostd: alp start : app combullseyemobile
03-12 16:36:09.885  1835  3448 E ActivityTaskManager: TouchDown intent received, starting ActiveLaunch
03-12 16:36:09.895  4306 25166 E pageboostd: combullseyemobile, amt 22444216 scnt 2 fcnt 0
03-12 16:36:09.895  4306 25166 E pageboostd: combullseyemobile, amt 0 scnt 0 fcnt 0
03-12 16:36:09.895  4306 25166 E pageboostd: alp end : app combullseyemobile data_amount 22444216
03-12 16:36:09.918 25167 25167 E bullseye.mobile: Not starting debugger since process cannot load the jdwp agent.
03-12 16:36:09.936  1835  3534 E VpnManagerService: Exception occured while trying to get the getProxyInfoForUid for knoxvpn uid 10716
03-12 16:36:09.943  1835  3461 E Pageboost: record is ongoing. Abort for 25167
03-12 16:36:09.945  1619  1619 E SecVibrator-HAL-AIDL-EXT: V_3_0: performPrebakedHapticPattern 14 : 4000 : 0
03-12 16:36:09.945  1619  1619 E SecVibrator-HAL-AIDL-EXT: V_3_0: performPrebakedHapticPattern one shoot starts
03-12 16:36:09.945  1619  1619 E SecVibrator-HAL-AIDL-CORE: HW_API: >> writeNode node:/timed_output/vibrator/intensity val:4000
03-12 16:36:09.946  1619  1619 E SecVibrator-HAL-AIDL-CORE: HW_API: << writeNode node OK : 5
03-12 16:36:09.946  1619  1619 E SecVibrator-HAL-AIDL-CORE: HW_API: >> writeNode node:/timed_output/vibrator/cp_trigger_index val:14
03-12 16:36:09.947  1835  8789 E Transition: Trying to add a ready-group twice: Display{#0 state=ON size=1768x2208 ROTATION_0}
03-12 16:36:09.950  4306  4306 E pageboostd: Received HALT command code 2
03-12 16:36:09.954  1619  1619 E SecVibrator-HAL-AIDL-CORE: HW_API: << writeNode node OK : 3
03-12 16:36:09.954  1619  1619 E SecVibrator-HAL-AIDL-CORE: HW_API: do_on for timeoutMs: 1000
03-12 16:36:09.954  1619  1619 E SecVibrator-HAL-AIDL-CORE: HW_API: >> writeNode node:/timed_output/vibrator/enable val:1000
03-12 16:36:09.960  1619  1619 E SecVibrator-HAL-AIDL-CORE: HW_API: << writeNode node OK : 5
03-12 16:36:09.960  1619  1619 E SecVibrator-HAL-AIDL-EXT: V_3_0: performPrebakedHapticPattern one shoot end
03-12 16:36:10.019 25167 25167 E SoLoader: couldn't find DSO to load: libjscexecutor.so
03-12 16:36:10.019 25167 25167 E SoLoader: 	SoSource 0: com.facebook.soloader.ApkSoSource[root = /data/data/com.bullseye.mobile/lib-main flags = 1]
03-12 16:36:10.019 25167 25167 E SoLoader: 	SoSource 1: com.facebook.soloader.DirectorySoSource[root = /data/app/~~CHQDgROAg2OSNQcoOTbWrQ==/com.bullseye.mobile-P_1mbGF2R4uuuyYslDOcxg==/lib/arm64 flags = 0]
03-12 16:36:10.019 25167 25167 E SoLoader: 	SoSource 2: com.facebook.soloader.DirectorySoSource[root = /system/lib64 flags = 2]
03-12 16:36:10.019 25167 25167 E SoLoader: 	SoSource 3: com.facebook.soloader.DirectorySoSource[root = /vendor/lib64 flags = 2]
03-12 16:36:10.019 25167 25167 E SoLoader: 	Native lib dir: /data/app/~~CHQDgROAg2OSNQcoOTbWrQ==/com.bullseye.mobile-P_1mbGF2R4uuuyYslDOcxg==/lib/arm64
03-12 16:36:10.019 25167 25167 E SoLoader:  result: 0
03-12 16:36:10.028  4306  4306 E pageboostd: Received HALT command code 2
03-12 16:36:10.047 25167 25210 E AndroidRuntime: FATAL EXCEPTION: mqt_js
03-12 16:36:10.047 25167 25210 E AndroidRuntime: Process: com.bullseye.mobile, PID: 25167
03-12 16:36:10.047 25167 25210 E AndroidRuntime: java.lang.RuntimeException: com.facebook.react.devsupport.JSException: undefined is not a function
03-12 16:36:10.047 25167 25210 E AndroidRuntime: 	at com.facebook.react.bridge.DefaultJSExceptionHandler.handleException(DefaultJSExceptionHandler.java:20)
03-12 16:36:10.047 25167 25210 E AndroidRuntime: 	at com.facebook.react.devsupport.DisabledDevSupportManager.handleException(DisabledDevSupportManager.java:195)
03-12 16:36:10.047 25167 25210 E AndroidRuntime: 	at com.facebook.react.bridge.CatalystInstanceImpl.onNativeException(CatalystInstanceImpl.java:620)
03-12 16:36:10.047 25167 25210 E AndroidRuntime: 	at com.facebook.react.bridge.CatalystInstanceImpl.-$$Nest$monNativeException(Unknown Source:0)
03-12 16:36:10.047 25167 25210 E AndroidRuntime: 	at com.facebook.react.bridge.CatalystInstanceImpl$NativeExceptionHandler.handleException(CatalystInstanceImpl.java:638)
03-12 16:36:10.047 25167 25210 E AndroidRuntime: 	at com.facebook.react.bridge.queue.MessageQueueThreadHandler.dispatchMessage(MessageQueueThreadHandler.java:29)
03-12 16:36:10.047 25167 25210 E AndroidRuntime: 	at android.os.Looper.loopOnce(Looper.java:230)
03-12 16:36:10.047 25167 25210 E AndroidRuntime: 	at android.os.Looper.loop(Looper.java:319)
03-12 16:36:10.047 25167 25210 E AndroidRuntime: 	at com.facebook.react.bridge.queue.MessageQueueThreadImpl$4.run(MessageQueueThreadImpl.java:228)
03-12 16:36:10.047 25167 25210 E AndroidRuntime: 	at java.lang.Thread.run(Thread.java:1012)
03-12 16:36:10.047 25167 25210 E AndroidRuntime: Caused by: com.facebook.react.devsupport.JSException: undefined is not a function
03-12 16:36:10.047 25167 25210 E AndroidRuntime: 	at com.facebook.jni.NativeRunnable.run(Native Method)
03-12 16:36:10.047 25167 25210 E AndroidRuntime: 	at android.os.Handler.handleCallback(Handler.java:958)
03-12 16:36:10.047 25167 25210 E AndroidRuntime: 	at android.os.Handler.dispatchMessage(Handler.java:99)
03-12 16:36:10.047 25167 25210 E AndroidRuntime: 	at com.facebook.react.bridge.queue.MessageQueueThreadHandler.dispatchMessage(MessageQueueThreadHandler.java:27)
03-12 16:36:10.047 25167 25210 E AndroidRuntime: 	... 4 more
03-12 16:36:10.047 25167 25210 E AndroidRuntime: Caused by: com.facebook.jni.CppException: undefined is not a function
03-12 16:36:10.047 25167 25210 E AndroidRuntime: 
03-12 16:36:10.047 25167 25210 E AndroidRuntime: TypeError: undefined is not a function
03-12 16:36:10.047 25167 25210 E AndroidRuntime:     at anonymous (address at index.android.bundle:1:8286)
03-12 16:36:10.047 25167 25210 E AndroidRuntime:     at loadModuleImplementation (address at index.android.bundle:1:1825)
03-12 16:36:10.047 25167 25210 E AndroidRuntime:     at guardedLoadModule (address at index.android.bundle:1:1391)
03-12 16:36:10.047 25167 25210 E AndroidRuntime:     at metroRequire (address at index.android.bundle:1:1027)
03-12 16:36:10.047 25167 25210 E AndroidRuntime:     at anonymous (address at index.android.bundle:1:8164)
03-12 16:36:10.047 25167 25210 E AndroidRuntime:     at loadModuleImplementation (address at index.android.bundle:1:1825)
03-12 16:36:10.047 25167 25210 E AndroidRuntime:     at guardedLoadModule (address at index.android.bundle:1:1350)
03-12 16:36:10.047 25167 25210 E AndroidRuntime:     at metroRequire (address at index.android.bundle:1:1027)
03-12 16:36:10.047 25167 25210 E AndroidRuntime:     at global (address at index.android.bundle:1:592)
03-12 16:36:10.047 25167 25210 E AndroidRuntime: 	... 8 more
03-12 16:36:10.073  1619  1619 E SecVibrator-HAL-AIDL-CORE: V_1_0: Vibrator off
03-12 16:36:10.073  1619  1619 E SecVibrator-HAL-AIDL-CORE: HW_API: >> writeNode node:/timed_output/vibrator/enable val:0
03-12 16:36:10.075  1619  1619 E SecVibrator-HAL-AIDL-CORE: HW_API: << writeNode node OK : 2
03-12 16:36:10.496  1381  1381 E audit   : type=1400 audit(1741764970.491:141094): avc:  denied  { ioctl } for  pid=23952 comm="lowpool[442]" path="/data/data/com.google.android.gms/databases/metadata.db" dev="dm-52" ino=8798 ioctlcmd=0xf522 scontext=u:r:gmscore_app:s0:c512,c768 tcontext=u:object_r:privapp_data_file:s0:c512,c768 tclass=file permissive=0 SEPF_SM-F926N_12_0001 audit_filtered
03-12 16:36:10.496  1381  1381 E audit   : type=1300 audit(1741764970.491:141094): arch=c00000b7 syscall=29 success=no exit=-13 a0=a1 a1=f522 a2=7b887d4880 a3=b400007a32e71e00 items=0 ppid=1415 pid=23952 auid=4294967295 uid=10249 gid=10249 euid=10249 suid=10249 fsuid=10249 egid=10249 sgid=10249 fsgid=10249 tty=(none) ses=4294967295 comm="lowpool[442]" exe="/system/bin/app_process64" subj=u:r:gmscore_app:s0:c512,c768 key=(null)
03-12 16:36:10.496  1381  1381 E audit   : type=1327 audit(1741764970.491:141094): proctitle="com.google.android.gms.persistent"
03-12 16:36:10.740  1835  3461 E Pageboost: ioinfo read failed
03-12 16:36:11.550  1835 12659 E TaskPersister: File error accessing recents directory (directory doesn't exist?).
03-12 16:36:11.954  1566  1611 E ANDR-PERF-UTIL: Failed to update node /proc/25167/sched_boost with value 0
03-12 16:36:11.954  1566  1611 E ANDR-PERF-OPTSHANDLER: can't reset task 25167
03-12 16:36:11.954  1566  1611 E ANDR-PERF-RESOURCEQS: Failed to reset optimization [3, 32]
03-12 16:36:12.630  1835  3461 W System.err: java.io.FileNotFoundException: /proc/25096/io_record_control: open failed: ENOENT (No such file or directory)
03-12 16:36:12.630  1835  3461 W System.err: 	at libcore.io.IoBridge.open(IoBridge.java:574)
03-12 16:36:12.630  1835  3461 W System.err: 	at java.io.FileOutputStream.<init>(FileOutputStream.java:259)
03-12 16:36:12.630  1835  3461 W System.err: 	at java.io.FileOutputStream.<init>(FileOutputStream.java:208)
03-12 16:36:12.630  1835  3461 W System.err: 	at java.io.FileWriter.<init>(FileWriter.java:96)
03-12 16:36:12.630  1835  3461 W System.err: 	at com.android.server.am.Pageboost$IoRecord.write(Pageboost.java:1711)
03-12 16:36:12.631  1835  3461 W System.err: 	at com.android.server.am.Pageboost$IoRecord.getResultFromKernel(Pageboost.java:1935)
03-12 16:36:12.631  1835  3461 W System.err: 	at com.android.server.am.Pageboost$PageboostHandler.handleMessage(Pageboost.java:2463)
03-12 16:36:12.631  1835  3461 W System.err: 	at android.os.Handler.dispatchMessage(Handler.java:106)
03-12 16:36:12.631  1835  3461 W System.err: 	at android.os.Looper.loopOnce(Looper.java:230)
03-12 16:36:12.631  1835  3461 W System.err: 	at android.os.Looper.loop(Looper.java:319)
03-12 16:36:12.631  1835  3461 W System.err: 	at android.os.HandlerThread.run(HandlerThread.java:67)
03-12 16:36:12.631  1835  3461 W System.err: 	at com.android.server.ServiceThread.run(ServiceThread.java:46)
03-12 16:36:12.631  1835  3461 W System.err: Caused by: android.system.ErrnoException: open failed: ENOENT (No such file or directory)
03-12 16:36:12.631  1835  3461 W System.err: 	at libcore.io.Linux.open(Native Method)
03-12 16:36:12.631  1835  3461 W System.err: 	at libcore.io.ForwardingOs.open(ForwardingOs.java:563)
03-12 16:36:12.631  1835  3461 W System.err: 	at libcore.io.BlockGuardOs.open(BlockGuardOs.java:274)
03-12 16:36:12.632  1835  3461 W System.err: 	at libcore.io.IoBridge.open(IoBridge.java:560)
03-12 16:36:12.632  1835  3461 W System.err: 	... 11 more
03-12 16:36:12.633  1835  3461 E Pageboost: StopRecording Failed
03-12 16:36:12.641  1835  3461 E Pageboost: captureFinished fail
03-12 16:36:13.031  1835  3461 E Pageboost: ioinfo read failed
